191.168.1.124 - - [29/May/2025:16:00:00 +0800] "GET /hello.html HTTP/1.1" 200 1024
191.168.1.123 - - [29/May/2025:16:00:00 +0800] "GET /hello.html HTTP/1.1" 200 1024
191.168.1.122 - - [29/May/2025:16:00:00 +0800] "GET /hello.html HTTP/1.1" 200 1024
191.168.1.121 - - [29/May/2025:16:00:00 +0800] "GET /hello.html HTTP/1.1" 200 1024
193.168.1.121 - - [29/May/2025:16:00:00 +0800] "GET /hello.html HTTP/1.1" 200 1024
196.168.1.121 - - [29/May/2025:16:00:00 +0800] "GET /hello.html HTTP/1.1" 200 1024
199.168.1.121 - - [29/May/2025:16:00:00 +0800] "GET /hello.html HTTP/1.1" 200 1024
199.168.1.183 - - [29/May/2025:16:00:00 +0800] "GET /hello1.html HTTP/1.1" 400 1024
